[www.appbrain.com/app/underhand/edu.cornell.gdiac.html]
[backblue.gif]
[fade.gif]
[index.html]
[www.appbrain.com/apple-touch-icon-precomposed.png]
[s.appbrain.com/static/202010061637551/images/aa-skyscraper-monetize.png]
[use.fontawesome.com/releases/v5.0.6/js/all.js]
[s.appbrain.com/static/202010061637551/gwt_apps/gwt_apps.nocache.js]
[s.appbrain.com/static/202010061637551/images/appbrain_logo.png]
[www.appbrain.com/app/underhand/edu.cornell.gdiac.html]
[s.appbrain.com/static/202010061637551/apps_static/d3.v3.min.js]
[s.appbrain.com/static/202010061637551/apps_static/apps_css.min.css]
[s.appbrain.com/static/202010061637551/apps_static/nv.d3.css]
[pagead2.googlesyndication.com/pagead/js/f.txt]
[s.appbrain.com/static/202010061637551/apps_static/stats.min.js]
[s.appbrain.com/static/202010061637551/apps_static/nv.d3.min.js]
[s.appbrain.com/static/202010061637551/images/google-play-badge.png]
[s.appbrain.com/static/202010061637551/images/star-yellow.png]
[s.appbrain.com/static/202010061637551/blob/sdk-logos/sdl.png]
[s.appbrain.com/static/202010061637551/images/star-grey.png]
[www.appbrain.com/cdn-cgi/scripts/5c5dd728/cloudflare-static/email-decode.min.js]
[s.appbrain.com/static/202010061637551/images/email.png]
[s.appbrain.com/static/202010061637551/images/checkbox-toggle.png]
[s.appbrain.com/static/202010061637551/images/triangle_help_popup.png]
[cdnjs.cloudflare.com/ajax/libs/vanilla-lazyload/16.1.0/lazyload.min.js]
[s.appbrain.com/static/202010061637551/images/triangle_help_popup_2x.png]
[s.appbrain.com/static/202010061637551/images/star.png]
[s.appbrain.com/static/202010061637551/images/star_grey.png]
[s.appbrain.com/static/202010061637551/images/star_grey2.png]
[s.appbrain.com/static/202010061637551/images/star2.png]
[s.appbrain.com/static/202010061637551/images/promoblock-icon-monetize.png]
[s.appbrain.com/static/202010061637551/images/promoblock-icon-promote.png]
[s.appbrain.com/static/202010061637551/images/promoblock-icon-intelligence.png]
[s.appbrain.com/static/202010061637551/images/infotile-download.png]
[s.appbrain.com/static/202010061637551/images/infotile-content-rating.png]
[s.appbrain.com/static/202010061637551/images/infotile-content-rating-medium.png]
[s.appbrain.com/static/202010061637551/images/infotile-content-rating-high.png]
[s.appbrain.com/static/202010061637551/images/infotile-rating.png]
[s.appbrain.com/static/202010061637551/images/infotile-ranking.png]
[s.appbrain.com/static/202010061637551/images/infotile-lib.png]
[s.appbrain.com/static/202010061637551/images/infotile-android.png]
[s.appbrain.com/static/202010061637551/images/infotile-update.png]
[s.appbrain.com/static/202010061637551/images/infotile-size.png]
[s.appbrain.com/static/202010061637551/images/infotile-price-free.png]
[s.appbrain.com/static/202010061637551/images/infotile-price.png]
[s.appbrain.com/static/202010061637551/images/infotile-age.png]
[s.appbrain.com/static/202010061637551/images/infotile-appcount.png]
[s.appbrain.com/static/202010061637551/images/infotile-recent-installs.png]
[s.appbrain.com/static/202010061637551/images/infotile-recent-rating.png]
[s.appbrain.com/static/202010061637551/images/infotile-rating-count.png]
[s.appbrain.com/static/202010061637551/images/homepage-promote-promo.png]
[s.appbrain.com/static/202010061637551/images/homepage-monetize-promo.png]
[s.appbrain.com/static/202010061637551/images/list_item_check.png]
[s.appbrain.com/static/202010061637551/images/phone_skin.png]
[s.appbrain.com/static/202010061637551/images/info-header-world-bg.png]
[s.appbrain.com/static/202010061637551/images/dollars-unsplash.jpg]
[s.appbrain.com/static/202010061637551/images/chart-unsplash.jpg]
[s.appbrain.com/static/202010061637551/images/pig-unsplash.jpg]
