[backblue.gif]
[fade.gif]
[index.html]
[gdiac.cis.cornell.edu/js/jquery-1.11.1.min.js]
[code.jquery.com/jquery-migrate-1.2.1.js]
[gdiac.cis.cornell.edu/js/jquery.bgiframe.3.min.js]
[gdiac.cis.cornell.edu/js/jquery.tablesorter.js]
[gdiac.cis.cornell.edu/js/hoverIntent.js]
[gdiac.cis.cornell.edu/js/superfish-1.7.4.js]
[gdiac.cis.cornell.edu/images/banner/gdiac_signature_unstyled.gif]
[gdiac.cis.cornell.edu/images/space.gif]
[gdiac.cis.cornell.edu/images/news/gdiac_logo.gif]
[gdiac.cis.cornell.edu/news/index95dc.html]
[gdiac.cis.cornell.edu/images/bg.gif]
[gdiac.cis.cornell.edu/images/banner/background/1.jpg]
[gdiac.cis.cornell.edu/images/banner/gdiac_signature.gif]
[gdiac.cis.cornell.edu/images/banner/header_search.gif]
[gdiac.cis.cornell.edu/images/news/image_shadow.png]
[gdiac.cis.cornell.edu/css/style.css]
[gdiac.cis.cornell.edu/css/superfish-topmenu.css]
[gdiac.cis.cornell.edu/css/superfish-sidebar.css]
[gdiac.cis.cornell.edu/js/ts-themes/blue/bg.gif]
[gdiac.cis.cornell.edu/js/ts-themes/blue/asc.gif]
[gdiac.cis.cornell.edu/js/ts-themes/blue/desc.gif]
[gdiac.cis.cornell.edu/js/ts-themes/blue/style.css]
[gdiac.cis.cornell.edu/news/index.html]
[gdiac.cis.cornell.edu/images/superfish/arrows-black.html]
[gdiac.cis.cornell.edu/news/courses/showcase.html]
[gdiac.cis.cornell.edu/news/index6fb5.html]
[gdiac.cis.cornell.edu/news/index8bcf.html]
[gdiac.cis.cornell.edu/news/index1434.html]
[gdiac.cis.cornell.edu/news/index3773.html]
[gdiac.cis.cornell.edu/images/news/bostonfig.png]
[gdiac.cis.cornell.edu/news/index4658.html]
[gdiac.cis.cornell.edu/news/index9ba9.html]
[gdiac.cis.cornell.edu/images/news/apsis.png]
[gdiac.cis.cornell.edu/news/indexfdb0.html]
[gdiac.cis.cornell.edu/images/news/erik2.png]
[gdiac.cis.cornell.edu/images/news/google.jpg]
[gdiac.cis.cornell.edu/news/indexaf4d.html]
[gdiac.cis.cornell.edu/images/news/cornell_logo.jpg]
[gdiac.cis.cornell.edu/news/indexc575.html]
[gdiac.cis.cornell.edu/news/index235c.html]
[gdiac.cis.cornell.edu/news/index3162.html]
[gdiac.cis.cornell.edu/news/index9e43.html]
[gdiac.cis.cornell.edu/news/index9c8a.html]
[gdiac.cis.cornell.edu/news/index2e5f.html]
[gdiac.cis.cornell.edu/news/index2679.html]
[gdiac.cis.cornell.edu/news/index6258.html]
[gdiac.cis.cornell.edu/news/indexe5cc.html]
[gdiac.cis.cornell.edu/news/indexa9bc.html]
[gdiac.cis.cornell.edu/news/indexe371.html]
[gdiac.cis.cornell.edu/news/index190a.html]
[gdiac.cis.cornell.edu/news/index2728.html]
[gdiac.cis.cornell.edu/news/index7429.html]
[gdiac.cis.cornell.edu/news/index87f1.html]
[gdiac.cis.cornell.edu/news/index6e03.html]
[gdiac.cis.cornell.edu/news/index4ef9.html]
[gdiac.cis.cornell.edu/news/index0055.html]
[gdiac.cis.cornell.edu/news/indexf41b.html]
[gdiac.cis.cornell.edu/news/index5255.html]
[gdiac.cis.cornell.edu/news/indexc3c9.html]
[gdiac.cis.cornell.edu/news/index8803.html]
[gdiac.cis.cornell.edu/news/index3a9f.html]
[gdiac.cis.cornell.edu/news/indexd61c.html]
[gdiac.cis.cornell.edu/news/indexdcfd.html]
[gdiac.cis.cornell.edu/news/index681a.html]
